 chipsec_hlpr

 Timestamp is 5a449ecb (Thu Dec 28 15:35:39 2017)

 Preferred load address is 0000000000010000

 Start         Length     Name                   Class
 0001:00000000 0000067cH .text                   CODE
 0002:00000000 00000219H chipsec_code$__a        CODE
 0002:0000021c 00001a1cH chipsec_code$__c        CODE
 0002:00001c40 00001c6bH chipsec_code$__c$s      CODE
 0003:00000000 00000180H .idata$5                DATA
 0003:00000180 0000058cH .rdata                  DATA
 0003:0000070c 0000006eH .rdata$debug            DATA
 0003:00000780 000002d4H .xdata                  DATA
 0004:00000000 000002e0H .data                   DATA
 0004:000002e0 0000001cH .bss                    DATA
 0005:00000000 0000021cH .pdata                  DATA
 0006:00000000 00001a47H PAGE                    CODE
 0007:00000000 00000082H INIT                    CODE
 0007:00000084 00000014H .idata$2                CODE
 0007:00000098 00000014H .idata$3                CODE
 0007:000000b0 00000180H .idata$4                CODE
 0007:00000230 00000420H .idata$6                CODE
 0008:00000000 00000010H .rsrc$01                DATA
 0008:00000010 00000000H .rsrc$02                DATA

  Address         Publics by Value              Rva+Base               Lib:Object

 0000:00000000       ___safe_se_handler_count   0000000000000000     <absolute>
 0000:00000000       ___safe_se_handler_table   0000000000000000     <absolute>
 0001:00000010       __security_check_cookie    0000000000011010 f   BufferOverflowK:amdsecgs.obj
 0001:00000038       __report_gsfailure         0000000000011038 f   BufferOverflowK:gs_report.obj
 0001:00000066       DbgPrint                   0000000000011066 f   ntoskrnl:ntoskrnl.exe
 0001:00000074       WdmlibRtlInitUnicodeStringEx 0000000000011074 f   wdmsec:wlwrap.obj
 0001:000000d4       _snwprintf                 00000000000110d4 f   wdmsec:ntoskrnl.exe
 0001:000000e0       __GSHandlerCheckCommon     00000000000110e0 f   wdmsec:gshandler.obj
 0001:0000014c       __GSHandlerCheck           000000000001114c f   wdmsec:gshandler.obj
 0001:00000170       wcschr                     0000000000011170 f   wdmsec:ntoskrnl.exe
 0001:0000017c       _wcsnicmp                  000000000001117c f   wdmsec:ntoskrnl.exe
 0001:000001a0       memset                     00000000000111a0 f   wdmsec:memset.obj
 0001:000002a0       memcpy                     00000000000112a0 f   wdmsec:memcpy.obj
 0001:000002a0       memmove                    00000000000112a0     wdmsec:memcpy.obj
 0001:000005dc       __GSHandlerCheck_SEH       00000000000115dc f   ntoskrnl:gshandlerseh.obj
 0001:00000676       __C_specific_handler       0000000000011676 f   ntoskrnl:ntoskrnl.exe
 0002:00000010       _rflags                    0000000000012010 f   cpu.obj
 0002:00000013       _store_idtr                0000000000012013 f   cpu.obj
 0002:00000017       _load_idtr                 0000000000012017 f   cpu.obj
 0002:0000001b       _store_gdtr                000000000001201b f   cpu.obj
 0002:0000001f       _load_gdtr                 000000000001201f f   cpu.obj
 0002:00000023       _store_ldtr                0000000000012023 f   cpu.obj
 0002:00000024       _load_ldtr                 0000000000012024 f   cpu.obj
 0002:00000025       _load_gdt                  0000000000012025 f   cpu.obj
 0002:0000002c       _rdmsr                     000000000001202c f   cpu.obj
 0002:00000047       _wrmsr                     0000000000012047 f   cpu.obj
 0002:0000004f       DisableInterrupts          000000000001204f f   cpu.obj
 0002:00000051       WritePortDword             0000000000012051 f   cpu.obj
 0002:00000059       WritePortWord              0000000000012059 f   cpu.obj
 0002:00000061       WritePortByte              0000000000012061 f   cpu.obj
 0002:00000068       ReadPortDword              0000000000012068 f   cpu.obj
 0002:00000072       ReadPortWord               0000000000012072 f   cpu.obj
 0002:0000007d       ReadPortByte               000000000001207d f   cpu.obj
 0002:00000087       WriteHighCMOSByte          0000000000012087 f   cpu.obj
 0002:00000094       WriteLowCMOSByte           0000000000012094 f   cpu.obj
 0002:000000a3       SendAPMSMI                 00000000000120a3 f   cpu.obj
 0002:000000b1       _swsmi                     00000000000120b1 f   cpu.obj
 0002:000000d6       WritePCIByte               00000000000120d6 f   cpu.obj
 0002:000000ea       WritePCIWord               00000000000120ea f   cpu.obj
 0002:000000ff       WritePCIDword              00000000000120ff f   cpu.obj
 0002:00000113       ReadPCIByte                0000000000012113 f   cpu.obj
 0002:00000125       ReadPCIWord                0000000000012125 f   cpu.obj
 0002:00000138       ReadPCIDword               0000000000012138 f   cpu.obj
 0002:0000014a       ReadCR0                    000000000001214a f   cpu.obj
 0002:00000151       ReadCR2                    0000000000012151 f   cpu.obj
 0002:00000158       ReadCR3                    0000000000012158 f   cpu.obj
 0002:0000015f       ReadCR4                    000000000001215f f   cpu.obj
 0002:00000166       ReadCR8                    0000000000012166 f   cpu.obj
 0002:0000016e       WriteCR0                   000000000001216e f   cpu.obj
 0002:00000172       WriteCR2                   0000000000012172 f   cpu.obj
 0002:00000176       WriteCR3                   0000000000012176 f   cpu.obj
 0002:0000017a       WriteCR4                   000000000001217a f   cpu.obj
 0002:0000017e       WriteCR8                   000000000001217e f   cpu.obj
 0002:00000183       hypercall                  0000000000012183 f   cpu.obj
 0002:00000215       hypercall_page             0000000000012215 f   cpu.obj
 0002:00000224       _dump_buffer               0000000000012224 f   driver.obj
 0002:00000364       DriverEntry                0000000000012364 f   driver.obj
 0002:00000474       DriverOpen                 0000000000012474 f   driver.obj
 0002:000004b4       DriverClose                00000000000124b4 f   driver.obj
 0002:000004f0       DriverUnload               00000000000124f0 f   driver.obj
 0002:00000550       DriverDeviceControl        0000000000012550 f   driver.obj
 0002:00001c40       ??_C@_0ED@IHHNMFDP@?$CF02X?5?$CF02X?5?$CF02X?5?$CF02X?5?$CF02X?5?$CF02X?5?$CF0@HFIDCDCB@ 0000000000013c40     driver.obj
 0002:00001c90       ??_C@_05BFHEBJNP@?$CF02X?5?$AA@HFIDCDCB@ 0000000000013c90     driver.obj
 0002:00001ca0       ??_C@_03OFAPEBGM@?$CFs?6?$AA@HFIDCDCB@ 0000000000013ca0     driver.obj
 0002:00001cb0       ??_C@_1CK@MGFCEFIN@?$AA?2?$AAD?$AAe?$AAv?$AAi?$AAc?$AAe?$AA?2?$AAc?$AAh?$AAi?$AAp?$AAs?$AAe?$AAc?$AA_?$AAh?$AAl?$AAp?$AAr?$AA?$AA@HFIDCDCB@ 0000000000013cb0     driver.obj
 0002:00001ce0       ??_C@_0EJ@NCGALLOJ@?$FLchipsec?$FN?5ERROR?3?5DriverEntry?3?5Io@HFIDCDCB@ 0000000000013ce0     driver.obj
 0002:00001d30       ??_C@_1DC@EBFHNAIH@?$AA?2?$AAD?$AAo?$AAs?$AAD?$AAe?$AAv?$AAi?$AAc?$AAe?$AAs?$AA?2?$AAc?$AAh?$AAi?$AAp?$AAs?$AAe?$AAc?$AA_?$AAh?$AAl?$AAp?$AAr?$AA?$AA@HFIDCDCB@ 0000000000013d30     driver.obj
 0002:00001d70       ??_C@_0DL@LOJGNLKP@?$FLchipsec?$FN?5ERROR?3?5DriverEntry?3?5Io@HFIDCDCB@ 0000000000013d70     driver.obj
 0002:00001db0       ??_C@_0CP@IHFHMMGC@?$FLchipsec?$FN?5?$DO?$DO?5DriverOpen?5?$CIDeviceO@HFIDCDCB@ 0000000000013db0     driver.obj
 0002:00001de0       ??_C@_0DA@NLMEBPEG@?$FLchipsec?$FN?5?$DO?$DO?5DriverClose?5?$CIDevice@HFIDCDCB@ 0000000000013de0     driver.obj
 0002:00001e10       ??_C@_0DB@LLIJMMCO@?$FLchipsec?$FN?5?$DO?$DO?5DriverUnload?5?$CIDrive@HFIDCDCB@ 0000000000013e10     driver.obj
 0002:00001e50       ??_C@_0DI@HFDPFEBO@?$FLchipsec?$FN?5?$DO?$DO?5DriverUnload?3?5IoDel@HFIDCDCB@ 0000000000013e50     driver.obj
 0002:00001e90       ??_C@_0CH@FKHPGPDN@?$FLchipsec?$FN?5ERROR?3?5no?5space?5for?5ma@HFIDCDCB@ 0000000000013e90     driver.obj
 0002:00001ec0       ??_C@_0FA@PCGKDJCJ@?$FLchipsec?$FN?5reading?5?$CFd?5bytes?5from?5@HFIDCDCB@ 0000000000013ec0     driver.obj
 0002:00001f10       ??_C@_0EO@OBNPAJPN@?$FLchipsec?$FN?5writing?5?$CFd?5bytes?5to?5ph@HFIDCDCB@ 0000000000013f10     driver.obj
 0002:00001f60       ??_C@_0CH@DJPAGGNJ@?$FLchipsec?$FN?5?$DO?$DO?$DO?$DO?$DO?$DO?$DO?$DO?$DO?$DO?5IOCTL?5?$DO?$DO?$DO?$DO?$DO@HFIDCDCB@ 0000000000013f60     driver.obj
 0002:00001f90       ??_C@_0CM@MPFCDOOE@?$FLchipsec?$FN?5DeviceObject?5?$DN?50x?$CFx?5IO@HFIDCDCB@ 0000000000013f90     driver.obj
 0002:00001fc0       ??_C@_0DP@KPMBENOJ@?$FLchipsec?$FN?5InputBufferLength?5?$DN?50x@HFIDCDCB@ 0000000000013fc0     driver.obj
 0002:00002000       ??_C@_0EF@IFFKBIIE@?$FLchipsec?$FN?5Active?5CPU?5threads?5?5?5?5@HFIDCDCB@ 0000000000014000     driver.obj
 0002:00002050       ??_C@_0CP@IDGNKIMM@?$FLchipsec?$FN?5Active?5CPU?5mask?5?$CIKAFFI@HFIDCDCB@ 0000000000014050     driver.obj
 0002:00002080       ??_C@_0CL@IPFCCGAI@?$FLchipsec?$FN?5Current?5CPU?5thread?5?5?5?5@HFIDCDCB@ 0000000000014080     driver.obj
 0002:000020b0       ??_C@_0CD@NBLMBFMG@?$FLchipsec?$FN?5?$DO?5READ_PCI_CFG_REGISTE@HFIDCDCB@ 00000000000140b0     driver.obj
 0002:000020e0       ??_C@_0CL@MBDABJKH@?$FLchipsec?$FN?5ERROR?3?5STATUS_INVALID_@HFIDCDCB@ 00000000000140e0     driver.obj
 0002:00002110       ??_C@_0GI@JCONOGBE@?$FLchipsec?$FN?$FLREAD_PCI_CFG_REGISTER?$FN@HFIDCDCB@ 0000000000014110     driver.obj
 0002:00002180       ??_C@_0CE@BJODNMKH@?$FLchipsec?$FN?5?$DO?5WRITE_PCI_CFG_REGIST@HFIDCDCB@ 0000000000014180     driver.obj
 0002:000021b0       ??_C@_0GK@JCOCNKID@?$FLchipsec?$FN?$FLWRITE_PCI_CFG_REGISTER@HFIDCDCB@ 00000000000141b0     driver.obj
 0002:00002220       ??_C@_0CA@CENEFLFF@?$FLchipsec?$FN?5?$DO?5IOCTL_READ_PHYSMEM?6?$AA@HFIDCDCB@ 0000000000014220     driver.obj
 0002:00002240       ??_C@_0DP@CGIKIFPK@?$FLchipsec?$FN?$FLIOCTL_READ_PHYSMEM?$FN?5ER@HFIDCDCB@ 0000000000014240     driver.obj
 0002:00002280       ??_C@_0DO@FKMEPEIO@?$FLchipsec?$FN?$FLIOCTL_READ_PHYSMEM?$FN?5ER@HFIDCDCB@ 0000000000014280     driver.obj
 0002:000022c0       ??_C@_0DK@JHLPKFLK@?$FLchipsec?$FN?$FLIOCTL_READ_PHYSMEM?$FN?5ER@HFIDCDCB@ 00000000000142c0     driver.obj
 0002:00002300       ??_C@_0CJ@LEGGALKI@?$FLchipsec?$FN?$FLIOCTL_READ_PHYSMEM?$FN?5Co@HFIDCDCB@ 0000000000014300     driver.obj
 0002:00002330       ??_C@_0CB@IAMPFNMM@?$FLchipsec?$FN?5?$DO?5IOCTL_WRITE_PHYSMEM?6@HFIDCDCB@ 0000000000014330     driver.obj
 0002:00002360       ??_C@_0EA@BLFFFBN@?$FLchipsec?$FN?$FLIOCTL_WRITE_PHYSMEM?$FN?5E@HFIDCDCB@ 0000000000014360     driver.obj
 0002:000023a0       ??_C@_0DC@ODJOBENL@?$FLchipsec?$FN?$FLIOCTL_WRITE_PHYSMEM?$FN?5W@HFIDCDCB@ 00000000000143a0     driver.obj
 0002:000023e0       ??_C@_0DL@IDDKKHDO@?$FLchipsec?$FN?$FLIOCTL_WRITE_PHYSMEM?$FN?5E@HFIDCDCB@ 00000000000143e0     driver.obj
 0002:00002420       ??_C@_0CB@MDGOEPDP@?$FLchipsec?$FN?5?$DO?5IOCTL_ALLOC_PHYSMEM?6@HFIDCDCB@ 0000000000014420     driver.obj
 0002:00002450       ??_C@_0DP@NADNOJAB@?$FLchipsec?$FN?5Allocating?3?5NumberOfBy@HFIDCDCB@ 0000000000014450     driver.obj
 0002:00002490       ??_C@_0EC@DMBIDFOB@?$FLchipsec?$FN?5ERROR?3?5STATUS_UNSUCCES@HFIDCDCB@ 0000000000014490     driver.obj
 0002:000024e0       ??_C@_0EI@ECBDKJBJ@?$FLchipsec?$FN?5ERROR?3?5STATUS_BUFFER_T@HFIDCDCB@ 00000000000144e0     driver.obj
 0002:00002530       ??_C@_0EE@OLINGGDL@?$FLchipsec?$FN?5Allocated?5Buffer?3?5Virt@HFIDCDCB@ 0000000000014530     driver.obj
 0002:00002580       ??_C@_0CA@FADGKMBP@?$FLchipsec?$FN?5?$DO?5IOCTL_FREE_PHYSMEM?6?$AA@HFIDCDCB@ 0000000000014580     driver.obj
 0002:000025a0       ??_C@_0FC@FOBLPHKC@?$FLchipsec?$FN?$FLIOCTL_FREE_PHYSMEM?$FN?5Vi@HFIDCDCB@ 00000000000145a0     driver.obj
 0002:00002600       ??_C@_0CA@MBBDEHOB@?$FLchipsec?$FN?5?$DO?5IOCTL_GET_PHYSADDR?6?$AA@HFIDCDCB@ 0000000000014600     driver.obj
 0002:00002620       ??_C@_0CK@FIHFKOIA@?$FLchipsec?$FN?5ERROR?3?5STATUS_BUFFER_T@HFIDCDCB@ 0000000000014620     driver.obj
 0002:00002650       ??_C@_0FG@NCCGDGFH@?$FLchipsec?$FN?$FLIOCTL_GET_PHYSADDR?$FN?5Tr@HFIDCDCB@ 0000000000014650     driver.obj
 0002:000026b0       ??_C@_0CA@CNPKNBPN@?$FLchipsec?$FN?5?$DO?5IOCTL_MAP_IO_SPACE?6?$AA@HFIDCDCB@ 00000000000146b0     driver.obj
 0002:000026d0       ??_C@_0FH@DGDPFAEG@?$FLchipsec?$FN?$FLIOCTL_MAP_IO_SPACE?$FN?5Ma@HFIDCDCB@ 00000000000146d0     driver.obj
 0002:00002730       ??_C@_0CF@DOOGAGHA@?$FLchipsec?$FN?5?$DO?5IOCTL_LOAD_UCODE_UPD@HFIDCDCB@ 0000000000014730     driver.obj
 0002:00002760       ??_C@_0ED@OMMKMCPJ@?$FLchipsec?$FN?5ERROR?3?5STATUS_INVALID_@HFIDCDCB@ 0000000000014760     driver.obj
 0002:000027b0       ??_C@_0DN@PBEAAFNH@?$FLchipsec?$FN?$FLIOCTL_LOAD_UCODE_UPDAT@HFIDCDCB@ 00000000000147b0     driver.obj
 0002:000027f0       ??_C@_0DN@HDMNPMLH@?$FLchipsec?$FN?$FLIOCTL_LOAD_UCODE_UPDAT@HFIDCDCB@ 00000000000147f0     driver.obj
 0002:00002830       ??_C@_0FA@CNEGJIKE@?$FLchipsec?$FN?5ERROR?3?5STATUS_INVALID_@HFIDCDCB@ 0000000000014830     driver.obj
 0002:00002880       ??_C@_0DK@BIBLDNJ@?$FLchipsec?$FN?5ERROR?3?5couldn?8t?5alloca@HFIDCDCB@ 0000000000014880     driver.obj
 0002:000028c0       ??_C@_0FN@NJFDG@?$FLchipsec?$FN?$FLIOCTL_LOAD_UCODE_UPDAT@HFIDCDCB@ 00000000000148c0     driver.obj
 0002:00002920       ??_C@_0DL@CLJFLFLF@?$FLchipsec?$FN?$FLIOCTL_LOAD_UCODE_UPDAT@HFIDCDCB@ 0000000000014920     driver.obj
 0002:00002960       ??_C@_0EH@BAEJACLO@?$FLchipsec?$FN?$FLIOCTL_LOAD_UCODE_UPDAT@HFIDCDCB@ 0000000000014960     driver.obj
 0002:000029b0       ??_C@_0GG@EKBMHPDC@?$FLchipsec?$FN?$FLIOCTL_LOAD_UCODE_UPDAT@HFIDCDCB@ 00000000000149b0     driver.obj
 0002:00002a20       ??_C@_0FB@BCGJANJB@?$FLchipsec?$FN?$FLIOCTL_LOAD_UCODE_UPDAT@HFIDCDCB@ 0000000000014a20     driver.obj
 0002:00002a80       ??_C@_0EG@IEFBCIJH@?$FLchipsec?$FN?$FLIOCTL_LOAD_UCODE_UPDAT@HFIDCDCB@ 0000000000014a80     driver.obj
 0002:00002ad0       ??_C@_0CK@CFKGCGGE@?$FLchipsec?$FN?5ERROR?3?5Microcode?5updat@HFIDCDCB@ 0000000000014ad0     driver.obj
 0002:00002b00       ??_C@_0BJ@EMDNEAPF@?$FLchipsec?$FN?5?$DO?5IOCTL_WRMSR?6?$AA@HFIDCDCB@ 0000000000014b00     driver.obj
 0002:00002b20       ??_C@_0DA@FEEGNJCD@?$FLchipsec?$FN?$FLIOCTL_WRMSR?$FN?5ERROR?3?5NO@HFIDCDCB@ 0000000000014b20     driver.obj
 0002:00002b50       ??_C@_0GO@HHOMJFME@?$FLchipsec?$FN?$FLIOCTL_WRMSR?$FN?5ERROR?3?5ST@HFIDCDCB@ 0000000000014b50     driver.obj
 0002:00002bc0       ??_C@_0DB@PCIGBAOC@?$FLchipsec?$FN?$FLIOCTL_WRMSR?$FN?5Changed?5C@HFIDCDCB@ 0000000000014bc0     driver.obj
 0002:00002c00       ??_C@_0DF@FFOLLCHF@?$FLchipsec?$FN?$FLIOCTL_WRMSR?$FN?5WRMSR?$CI?50x@HFIDCDCB@ 0000000000014c00     driver.obj
 0002:00002c40       ??_C@_0DD@BBDMEKPL@?$FLchipsec?$FN?$FLIOCTL_WRMSR?$FN?5ERROR?3?5ex@HFIDCDCB@ 0000000000014c40     driver.obj
 0002:00002c80       ??_C@_0BJ@MLIKIONE@?$FLchipsec?$FN?5?$DO?5IOCTL_RDMSR?6?$AA@HFIDCDCB@ 0000000000014c80     driver.obj
 0002:00002ca0       ??_C@_0CE@OCMKJILM@?$FLchipsec?$FN?5ERROR?3?5No?5input?5provid@HFIDCDCB@ 0000000000014ca0     driver.obj
 0002:00002cd0       ??_C@_0FP@KDLKFHGD@?$FLchipsec?$FN?5ERROR?3?5STATUS_INVALID_@HFIDCDCB@ 0000000000014cd0     driver.obj
 0002:00002d30       ??_C@_0DB@ELKILKAL@?$FLchipsec?$FN?$FLIOCTL_RDMSR?$FN?5Changed?5C@HFIDCDCB@ 0000000000014d30     driver.obj
 0002:00002d70       ??_C@_0DD@KIIDPBIG@?$FLchipsec?$FN?$FLIOCTL_RDMSR?$FN?5ERROR?3?5ex@HFIDCDCB@ 0000000000014d70     driver.obj
 0002:00002db0       ??_C@_0DF@BLBPOCHJ@?$FLchipsec?$FN?$FLIOCTL_RDMSR?$FN?5RDMSR?$CI?50x@HFIDCDCB@ 0000000000014db0     driver.obj
 0002:00002df0       ??_C@_0EI@OEGOKPAH@?$FLchipsec?$FN?5ERROR?3?5STATUS_BUFFER_T@HFIDCDCB@ 0000000000014df0     driver.obj
 0002:00002e40       ??_C@_0BK@MHNMMKJI@?$FLchipsec?$FN?5?$DO?5READ_IO_PORT?6?$AA@HFIDCDCB@ 0000000000014e40     driver.obj
 0002:00002e60       ??_C@_0DJ@CCPBIJKF@?$FLchipsec?$FN?$FLREAD_IO_PORT?$FN?5ERROR?3?5S@HFIDCDCB@ 0000000000014e60     driver.obj
 0002:00002ea0       ??_C@_0DE@NAIHJOJB@?$FLchipsec?$FN?$FLREAD_IO_PORT?$FN?5ERROR?3?5e@HFIDCDCB@ 0000000000014ea0     driver.obj
 0002:00002ee0       ??_C@_0EH@LCBIBIPE@?$FLchipsec?$FN?$FLREAD_IO_PORT?$FN?5I?1O?5Port@HFIDCDCB@ 0000000000014ee0     driver.obj
 0002:00002f30       ??_C@_0BL@NEKGNDDD@?$FLchipsec?$FN?5?$DO?5WRITE_IO_PORT?6?$AA@HFIDCDCB@ 0000000000014f30     driver.obj
 0002:00002f50       ??_C@_0EI@DFFEIJLA@?$FLchipsec?$FN?$FLWRITE_IO_PORT?$FN?5I?1O?5Por@HFIDCDCB@ 0000000000014f50     driver.obj
 0002:00002fa0       ??_C@_0DF@FFDKAMDJ@?$FLchipsec?$FN?$FLWRITE_IO_PORT?$FN?5ERROR?3?5@HFIDCDCB@ 0000000000014fa0     driver.obj
 0002:00002fe0       ??_C@_0CG@FCFBJKDL@?$FLchipsec?$FN?5?$DO?5GET_CPU_DESCRIPTOR_T@HFIDCDCB@ 0000000000014fe0     driver.obj
 0002:00003010       ??_C@_0DO@GEDPJNGB@?$FLchipsec?$FN?$FLGET_CPU_DESCRIPTOR_TAB@HFIDCDCB@ 0000000000015010     driver.obj
 0002:00003050       ??_C@_0DK@HGELIPHI@?$FLchipsec?$FN?$FLGET_CPU_DESCRIPTOR_TAB@HFIDCDCB@ 0000000000015050     driver.obj
 0002:00003090       ??_C@_0EJ@FDLNFLP@?$FLchipsec?$FN?$FLGET_CPU_DESCRIPTOR_TAB@HFIDCDCB@ 0000000000015090     driver.obj
 0002:000030e0       ??_C@_0EK@MMMFPIDF@?$FLchipsec?$FN?$FLGET_CPU_DESCRIPTOR_TAB@HFIDCDCB@ 00000000000150e0     driver.obj
 0002:00003130       ??_C@_0FA@JIKFFCIO@?$FLchipsec?$FN?$FLGET_CPU_DESCRIPTOR_TAB@HFIDCDCB@ 0000000000015130     driver.obj
 0002:00003180       ??_C@_0BJ@JHNKLAIL@?$FLchipsec?$FN?5?$DO?5IOCTL_SWSMI?6?$AA@HFIDCDCB@ 0000000000015180     driver.obj
 0002:000031a0       ??_C@_0CD@NLMEMLMJ@?$FLchipsec?$FN?5ERROR?3?5NO?5data?5provide@HFIDCDCB@ 00000000000151a0     driver.obj
 0002:000031d0       ??_C@_0FP@GLJGPLBC@?$FLchipsec?$FN?5ERROR?3?5STATUS_INVALID_@HFIDCDCB@ 00000000000151d0     driver.obj
 0002:00003230       ??_C@_0DM@HNMBGKN@?$FLchipsec?$FN?$FLIOCTL_SWSMI?$FN?5SW?5SMI?5to@HFIDCDCB@ 0000000000015230     driver.obj
 0002:00003270       ??_C@_0CG@LKEKPELK@?5?5?5?5?5?5?5?5?5?5?5?5?5?5?5?5?5?5?5?5?5?5?5RAX?5?$DN?50x?$CF@HFIDCDCB@ 0000000000015270     driver.obj
 0002:000032a0       ??_C@_0CG@MGCLNBGB@?5?5?5?5?5?5?5?5?5?5?5?5?5?5?5?5?5?5?5?5?5?5?5RBX?5?$DN?50x?$CF@HFIDCDCB@ 00000000000152a0     driver.obj
 0002:000032d0       ??_C@_0CG@FLCEDABH@?5?5?5?5?5?5?5?5?5?5?5?5?5?5?5?5?5?5?5?5?5?5?5RCX?5?$DN?50x?$CF@HFIDCDCB@ 00000000000152d0     driver.obj
 0002:00003300       ??_C@_0CG@DOOJJKNH@?5?5?5?5?5?5?5?5?5?5?5?5?5?5?5?5?5?5?5?5?5?5?5RDX?5?$DN?50x?$CF@HFIDCDCB@ 0000000000015300     driver.obj
 0002:00003330       ??_C@_0CG@FEAHHDCE@?5?5?5?5?5?5?5?5?5?5?5?5?5?5?5?5?5?5?5?5?5?5?5RSI?5?$DN?50x?$CF@HFIDCDCB@ 0000000000015330     driver.obj
 0002:00003360       ??_C@_0CG@FHHIOFII@?5?5?5?5?5?5?5?5?5?5?5?5?5?5?5?5?5?5?5?5?5?5?5RDI?5?$DN?50x?$CF@HFIDCDCB@ 0000000000015360     driver.obj
 0002:00003390       ??_C@_0BJ@OFPLONFJ@?$FLchipsec?$FN?5?$DO?5IOCTL_CPUID?6?$AA@HFIDCDCB@ 0000000000015390     driver.obj
 0002:000033b0       ??_C@_0EE@ICLHHCIL@?$FLchipsec?$FN?5ERROR?3?5STATUS_INVALID_@HFIDCDCB@ 00000000000153b0     driver.obj
 0002:00003400       ??_C@_0BP@FCCABOOJ@?$FLchipsec?$FN?$FLIOCTL_CPUID?$FN?5CPUID?3?6?$AA@HFIDCDCB@ 0000000000015400     driver.obj
 0002:00003420       ??_C@_0CF@DBLBBMPL@?5?5?5?5?5?5?5?5?5?5?5?5?5?5?5?5?5?5?5?5?5?5?5EAX?5?$DN?50x?$CF@HFIDCDCB@ 0000000000015420     driver.obj
 0002:00003450       ??_C@_0CF@FBONKJLA@?5?5?5?5?5?5?5?5?5?5?5?5?5?5?5?5?5?5?5?5?5?5?5ECX?5?$DN?50x?$CF@HFIDCDCB@ 0000000000015450     driver.obj
 0002:00003480       ??_C@_0CI@NCCMEPHG@?$FLchipsec?$FN?$FLIOCTL_CPUID?$FN?5CPUID?5ret@HFIDCDCB@ 0000000000015480     driver.obj
 0002:000034b0       ??_C@_0CF@IMHLHADF@?5?5?5?5?5?5?5?5?5?5?5?5?5?5?5?5?5?5?5?5?5?5?5EBX?5?$DN?50x?$CF@HFIDCDCB@ 00000000000154b0     driver.obj
 0002:000034e0       ??_C@_0CF@CMJOKPOI@?5?5?5?5?5?5?5?5?5?5?5?5?5?5?5?5?5?5?5?5?5?5?5EDX?5?$DN?50x?$CF@HFIDCDCB@ 00000000000154e0     driver.obj
 0002:00003510       ??_C@_0BG@COBEFPG@?$FLchipsec?$FN?5?$DO?5WRITE_CR?6?$AA@HFIDCDCB@ 0000000000015510     driver.obj
 0002:00003530       ??_C@_0DD@NOEIPJJK@?$FLchipsec?$FN?$FLWRITE_CR?$FN?5CR?5Reg?5?$CF?$CD04x@HFIDCDCB@ 0000000000015530     driver.obj
 0002:00003570       ??_C@_0BF@DPMKFNED@?$FLchipsec?$FN?5?$DO?5READ_CR?6?$AA@HFIDCDCB@ 0000000000015570     driver.obj
 0002:00003590       ??_C@_0DC@HBBDHBDC@?$FLchipsec?$FN?$FLREAD_CR?$FN?5CR?5Reg?5?$CF?$CD04x?0@HFIDCDCB@ 0000000000015590     driver.obj
 0002:000035d0       ??_C@_0BN@OJHMCJNG@?$FLchipsec?$FN?5?$DO?5IOCTL_HYPERCALL?6?$AA@HFIDCDCB@ 00000000000155d0     driver.obj
 0002:000035f0       ??_C@_0CH@NPALMKGD@?$FLchipsec?$FN?$FLIOCTL_HYPERCALL?$FN?5HYPER@HFIDCDCB@ 00000000000155f0     driver.obj
 0002:00003620       ??_C@_0CG@KJJPHNCG@?5?5?5?5RCX?5?$DN?50x?$CF016llX?5?5RDX?5?$DN?50x?$CF01@HFIDCDCB@ 0000000000015620     driver.obj
 0002:00003650       ??_C@_0CG@FAOMJGJH@?5?5?5?5R8?5?5?$DN?50x?$CF016llX?5?5R9?5?5?$DN?50x?$CF01@HFIDCDCB@ 0000000000015650     driver.obj
 0002:00003680       ??_C@_0CG@JJCIDCLM@?5?5?5?5R10?5?$DN?50x?$CF016llX?5?5R11?5?$DN?50x?$CF01@HFIDCDCB@ 0000000000015680     driver.obj
 0002:000036b0       ??_C@_0CG@JHOLDFCE@?5?5?5?5RAX?5?$DN?50x?$CF016llX?5?5RBX?5?$DN?50x?$CF01@HFIDCDCB@ 00000000000156b0     driver.obj
 0002:000036e0       ??_C@_0CG@CDIGGGPA@?5?5?5?5RDI?5?$DN?50x?$CF016llX?5?5RSI?5?$DN?50x?$CF01@HFIDCDCB@ 00000000000156e0     driver.obj
 0002:00003710       ??_C@_0CF@GHOMCNKG@?5?5?5?5XMM0?9XMM5?5buffer?5VA?5?$DN?50x?$CF016@HFIDCDCB@ 0000000000015710     driver.obj
 0002:00003740       ??_C@_0DH@DABPHIKO@?$FLchipsec?$FN?$FLIOCTL_HYPERCALL?$FN?5ERROR@HFIDCDCB@ 0000000000015740     driver.obj
 0002:00003780       ??_C@_0DA@NMCBKHPF@?$FLchipsec?$FN?$FLIOCTL_HYPERCALL?$FN?5retur@HFIDCDCB@ 0000000000015780     driver.obj
 0002:000037b0       ??_C@_0CA@JNCHINIH@?$FLchipsec?$FN?5ERROR?3?5invalid?5IOCTL?6?$AA@HFIDCDCB@ 00000000000157b0     driver.obj
 0002:000037d0       ??_C@_0DI@DLLPMLIJ@?$FLchipsec?$FN?5Restored?5active?5CPU?5ma@HFIDCDCB@ 00000000000157d0     driver.obj
 0002:00003810       ??_C@_0DE@LODJIMA@?$FLchipsec?$FN?5Current?5CPU?5thread?5?5?5?5@HFIDCDCB@ 0000000000015810     driver.obj
 0002:00003850       ??_C@_0EJ@LCHEKKN@?$FLchipsec?$FN?5Irp?9?$DOIoStatus?4Status?5?$DN@HFIDCDCB@ 0000000000015850     driver.obj
 0002:000038a0       ??_C@_0L@FKDMGJNB@?$FLchipsec?$FN?6?$AA@HFIDCDCB@ 00000000000158a0     driver.obj
 0003:00000000       __imp_sprintf              0000000000016000     ntoskrnl:ntoskrnl.exe
 0003:00000008       __imp_ExAllocatePoolWithTag 0000000000016008     ntoskrnl:ntoskrnl.exe
 0003:00000010       __imp_KeQueryActiveProcessors 0000000000016010     ntoskrnl:ntoskrnl.exe
 0003:00000018       __imp_KeQueryActiveProcessorCount 0000000000016018     ntoskrnl:ntoskrnl.exe
 0003:00000020       __imp_IoDeleteSymbolicLink 0000000000016020     ntoskrnl:ntoskrnl.exe
 0003:00000028       __imp_ExFreePoolWithTag    0000000000016028     ntoskrnl:ntoskrnl.exe
 0003:00000030       __imp_RtlInitUnicodeString 0000000000016030     ntoskrnl:ntoskrnl.exe
 0003:00000038       __imp_IoDeleteDevice       0000000000016038     ntoskrnl:ntoskrnl.exe
 0003:00000040       __imp_MmFreeContiguousMemory 0000000000016040     ntoskrnl:ntoskrnl.exe
 0003:00000048       __imp_MmUnmapIoSpace       0000000000016048     ntoskrnl:ntoskrnl.exe
 0003:00000050       __imp_MmGetPhysicalAddress 0000000000016050     ntoskrnl:ntoskrnl.exe
 0003:00000058       __imp_MmMapIoSpace         0000000000016058     ntoskrnl:ntoskrnl.exe
 0003:00000060       __imp_IofCompleteRequest   0000000000016060     ntoskrnl:ntoskrnl.exe
 0003:00000068       __imp_IoCreateSymbolicLink 0000000000016068     ntoskrnl:ntoskrnl.exe
 0003:00000070       __imp_KeSetSystemAffinityThread 0000000000016070     ntoskrnl:ntoskrnl.exe
 0003:00000078       __imp_KeNumberProcessors   0000000000016078     ntoskrnl:ntoskrnl.exe
 0003:00000080       __imp_DbgPrint             0000000000016080     ntoskrnl:ntoskrnl.exe
 0003:00000088       __imp_MmAllocateContiguousMemory 0000000000016088     ntoskrnl:ntoskrnl.exe
 0003:00000090       __imp_KeBugCheckEx         0000000000016090     ntoskrnl:ntoskrnl.exe
 0003:00000098       __imp_MmGetSystemRoutineAddress 0000000000016098     wdmsec:ntoskrnl.exe
 0003:000000a0       __imp_IoCreateDevice       00000000000160a0     wdmsec:ntoskrnl.exe
 0003:000000a8       __imp_ZwClose              00000000000160a8     wdmsec:ntoskrnl.exe
 0003:000000b0       __imp_ObOpenObjectByPointer 00000000000160b0     wdmsec:ntoskrnl.exe
 0003:000000b8       __imp_ZwSetSecurityObject  00000000000160b8     wdmsec:ntoskrnl.exe
 0003:000000c0       IoDeviceObjectType         00000000000160c0     wdmsec:ntoskrnl.exe
 0003:000000c0       __imp_IoDeviceObjectType   00000000000160c0     wdmsec:ntoskrnl.exe
 0003:000000c8       __imp__snwprintf           00000000000160c8     wdmsec:ntoskrnl.exe
 0003:000000d0       __imp_RtlLengthSecurityDescriptor 00000000000160d0     wdmsec:ntoskrnl.exe
 0003:000000d8       __imp_SeCaptureSecurityDescriptor 00000000000160d8     wdmsec:ntoskrnl.exe
 0003:000000e0       __imp_RtlCreateSecurityDescriptor 00000000000160e0     wdmsec:ntoskrnl.exe
 0003:000000e8       __imp_RtlSetDaclSecurityDescriptor 00000000000160e8     wdmsec:ntoskrnl.exe
 0003:000000f0       __imp_RtlAbsoluteToSelfRelativeSD 00000000000160f0     wdmsec:ntoskrnl.exe
 0003:000000f8       __imp_IoIsWdmVersionAvailable 00000000000160f8     wdmsec:ntoskrnl.exe
 0003:00000100       __imp_SeExports            0000000000016100     wdmsec:ntoskrnl.exe
 0003:00000108       __imp_wcschr               0000000000016108     wdmsec:ntoskrnl.exe
 0003:00000110       __imp__wcsnicmp            0000000000016110     wdmsec:ntoskrnl.exe
 0003:00000118       __imp_RtlLengthSid         0000000000016118     wdmsec:ntoskrnl.exe
 0003:00000120       __imp_RtlAddAccessAllowedAce 0000000000016120     wdmsec:ntoskrnl.exe
 0003:00000128       __imp_RtlGetSaclSecurityDescriptor 0000000000016128     wdmsec:ntoskrnl.exe
 0003:00000130       __imp_RtlGetDaclSecurityDescriptor 0000000000016130     wdmsec:ntoskrnl.exe
 0003:00000138       __imp_RtlGetGroupSecurityDescriptor 0000000000016138     wdmsec:ntoskrnl.exe
 0003:00000140       __imp_RtlGetOwnerSecurityDescriptor 0000000000016140     wdmsec:ntoskrnl.exe
 0003:00000148       __imp_ZwOpenKey            0000000000016148     wdmsec:ntoskrnl.exe
 0003:00000150       __imp_ZwCreateKey          0000000000016150     wdmsec:ntoskrnl.exe
 0003:00000158       __imp_ZwQueryValueKey      0000000000016158     wdmsec:ntoskrnl.exe
 0003:00000160       __imp_ZwSetValueKey        0000000000016160     wdmsec:ntoskrnl.exe
 0003:00000168       __imp_RtlFreeUnicodeString 0000000000016168     wdmsec:ntoskrnl.exe
 0003:00000170       __imp___C_specific_handler 0000000000016170     ntoskrnl:ntoskrnl.exe
 0003:00000178       \177ntoskrnl_NULL_THUNK_DATA 0000000000016178     ntoskrnl:ntoskrnl.exe
 0003:000001a0       SDDL_DEVOBJ_KERNEL_ONLY_buffer 00000000000161a0     wdmsec:iosddl.obj
 0003:000001a8       SDDL_DEVOBJ_KERNEL_ONLY    00000000000161a8     wdmsec:iosddl.obj
 0003:000001b8       SDDL_DEVOBJ_SYS_ALL_buffer 00000000000161b8     wdmsec:iosddl.obj
 0003:000001d8       SDDL_DEVOBJ_SYS_ALL        00000000000161d8     wdmsec:iosddl.obj
 0003:000001e8       SDDL_DEVOBJ_SYS_ALL_ADM_ALL_buffer 00000000000161e8     wdmsec:iosddl.obj
 0003:00000220       SDDL_DEVOBJ_SYS_ALL_ADM_ALL 0000000000016220     wdmsec:iosddl.obj
 0003:00000230       SDDL_DEVOBJ_SYS_ALL_ADM_RX_buffer 0000000000016230     wdmsec:iosddl.obj
 0003:00000270       SDDL_DEVOBJ_SYS_ALL_ADM_RX 0000000000016270     wdmsec:iosddl.obj
 0003:00000280       SDDL_DEVOBJ_SYS_ALL_ADM_RWX_WORLD_R_buffer 0000000000016280     wdmsec:iosddl.obj
 0003:000002d8       SDDL_DEVOBJ_SYS_ALL_ADM_RWX_WORLD_R 00000000000162d8     wdmsec:iosddl.obj
 0003:000002f0       SDDL_DEVOBJ_SYS_ALL_ADM_RWX_WORLD_R_RES_R_buffer 00000000000162f0     wdmsec:iosddl.obj
 0003:00000360       SDDL_DEVOBJ_SYS_ALL_ADM_RWX_WORLD_R_RES_R 0000000000016360     wdmsec:iosddl.obj
 0003:00000370       SDDL_DEVOBJ_SYS_ALL_ADM_RWX_WORLD_RW_RES_R_buffer 0000000000016370     wdmsec:iosddl.obj
 0003:000003e8       SDDL_DEVOBJ_SYS_ALL_ADM_RWX_WORLD_RW_RES_R 00000000000163e8     wdmsec:iosddl.obj
 0003:00000400       SDDL_DEVOBJ_SYS_ALL_ADM_RWX_WORLD_RWX_RES_RWX_buffer 0000000000016400     wdmsec:iosddl.obj
 0003:00000480       SDDL_DEVOBJ_SYS_ALL_ADM_RWX_WORLD_RWX_RES_RWX 0000000000016480     wdmsec:iosddl.obj
 0003:00000490       ??_C@_1CK@LEEDIGFP@?$AAI?$AAo?$AAC?$AAr?$AAe?$AAa?$AAt?$AAe?$AAD?$AAe?$AAv?$AAi?$AAc?$AAe?$AAS?$AAe?$AAc?$AAu?$AAr?$AAe?$AA?$AA@ 0000000000016490     wdmsec:wlwrap.obj
 0003:000004c0       ??_C@_1EA@BAHCLPHE@?$AAI?$AAo?$AAV?$AAa?$AAl?$AAi?$AAd?$AAa?$AAt?$AAe?$AAD?$AAe?$AAv?$AAi?$AAc?$AAe?$AAI?$AAo?$AAC?$AAo?$AAn?$AAt?$AAr?$AAo?$AAl?$AAA?$AAc?$AAc?$AAe?$AAs?$AAs?$AA?$AA@ 00000000000164c0     wdmsec:wlwrap.obj
 0003:00000500       ??_C@_1BG@COALCEMK@?$AAP?$AAr?$AAo?$AAp?$AAe?$AAr?$AAt?$AAi?$AAe?$AAs?$AA?$AA@ 0000000000016500     wdmsec:ppregstate.obj
 0003:00000518       ??_C@_1M@OAHBGIFG@?$AAC?$AAl?$AAa?$AAs?$AAs?$AA?$AA@ 0000000000016518     wdmsec:ppregstate.obj
 0003:00000528       ??_C@_1BO@DAOBINHA@?$AAN?$AAo?$AAD?$AAi?$AAs?$AAp?$AAl?$AAa?$AAy?$AAC?$AAl?$AAa?$AAs?$AAs?$AA?$AA@ 0000000000016528     wdmsec:ppregstate.obj
 0003:00000548       ??_C@_1BG@OPOOGLJC@?$AAN?$AAo?$AAU?$AAs?$AAe?$AAC?$AAl?$AAa?$AAs?$AAs?$AA?$AA@ 0000000000016548     wdmsec:ppregstate.obj
 0003:00000560       ??_C@_1BC@FCJNIDNL@?$AAS?$AAe?$AAc?$AAu?$AAr?$AAi?$AAt?$AAy?$AA?$AA@ 0000000000016560     wdmsec:ppregstate.obj
 0003:00000578       ??_C@_1BG@KCOOGCNN@?$AAD?$AAe?$AAv?$AAi?$AAc?$AAe?$AAT?$AAy?$AAp?$AAe?$AA?$AA@ 0000000000016578     wdmsec:ppregstate.obj
 0003:00000590       ??_C@_1CM@DIJFBEC@?$AAD?$AAe?$AAv?$AAi?$AAc?$AAe?$AAC?$AAh?$AAa?$AAr?$AAa?$AAc?$AAt?$AAe?$AAr?$AAi?$AAs?$AAt?$AAi?$AAc?$AAs?$AA?$AA@ 0000000000016590     wdmsec:ppregstate.obj
 0003:000005c0       ??_C@_1BE@DJHAJDEM@?$AAE?$AAx?$AAc?$AAl?$AAu?$AAs?$AAi?$AAv?$AAe?$AA?$AA@ 00000000000165c0     wdmsec:ppregstate.obj
 0003:000005e0       ??_C@_1HC@DKINPPAJ@?$AA?2?$AAR?$AAe?$AAg?$AAi?$AAs?$AAt?$AAr?$AAy?$AA?2?$AAM?$AAa?$AAc?$AAh?$AAi?$AAn?$AAe?$AA?2?$AAS?$AAy?$AAs?$AAt?$AAe?$AAm?$AA?2?$AAC?$AAu?$AAr?$AAr?$AAe?$AAn?$AAt@ 00000000000165e0     wdmsec:ppregstate.obj
 0003:00000660       ??_C@_1GG@FCALANDO@?$AA?$HL?$AA?$CF?$AA0?$AA8?$AAX?$AA?9?$AA?$CF?$AA0?$AA4?$AAX?$AA?9?$AA?$CF?$AA0?$AA4?$AAX?$AA?9?$AA?$CF?$AA0?$AA2?$AAX?$AA?$CF?$AA0?$AA2?$AAX?$AA?9?$AA?$CF?$AA0?$AA2?$AAX?$AA?$CF?$AA0?$AA2@ 0000000000016660     wdmsec:ppregstate.obj
 0003:000006c8       ??_C@_15FCNJEDMF@?$AAG?$AAX?$AA?$AA@ 00000000000166c8     wdmsec:sesddl.obj
 0003:000006d0       ??_C@_15KLKFDJD@?$AAG?$AAW?$AA?$AA@ 00000000000166d0     wdmsec:sesddl.obj
 0003:000006d8       ??_C@_15DNGEKDKB@?$AAG?$AAR?$AA?$AA@ 00000000000166d8     wdmsec:sesddl.obj
 0003:000006e0       ??_C@_15HPMIFLNA@?$AAG?$AAA?$AA?$AA@ 00000000000166e0     wdmsec:sesddl.obj
 0003:000006e8       ??_C@_15NAFBOLGP@?$AAS?$AAD?$AA?$AA@ 00000000000166e8     wdmsec:sesddl.obj
 0003:000006f0       ??_C@_15JMMBCOHI@?$AAW?$AAO?$AA?$AA@ 00000000000166f0     wdmsec:sesddl.obj
 0003:000006f8       ??_C@_15ELMAKJHJ@?$AAW?$AAD?$AA?$AA@ 00000000000166f8     wdmsec:sesddl.obj
 0003:00000700       ??_C@_15IGNKAAHD@?$AAR?$AAC?$AA?$AA@ 0000000000016700     wdmsec:sesddl.obj
 0003:00000708       ??_C@_13PNBDBPLL@?$AAA?$AA?$AA@ 0000000000016708     wdmsec:sesddl.obj
 0004:00000000       HotPatchBuffer             0000000000017000     hotpatch.obj
 0004:00000100       __security_cookie          0000000000017100     BufferOverflowK:gs_support.obj
 0004:00000108       __security_cookie_complement 0000000000017108     BufferOverflowK:gs_support.obj
 0004:00000110       PiRegStateSysAllInherittedSecurityDescriptor 0000000000017110     wdmsec:ppregstate.obj
 0004:000002e0       WdmlibInitialized          00000000000172e0     wdmsec:wlwrap.obj
 0004:000002e8       PfnIoCreateDeviceSecure    00000000000172e8     wdmsec:wlwrap.obj
 0004:000002f0       PfnIoValidateDeviceIoControlAccess 00000000000172f0     wdmsec:wlwrap.obj
 0004:000002f8       PiRegStateDiscriptor       00000000000172f8     wdmsec:ppregstate.obj
 0006:00000008       WdmlibInit                 0000000000019008 f   wdmsec:wlwrap.obj
 0006:00000074       WdmlibIoCreateDeviceSecure 0000000000019074 f   wdmsec:wlwrap.obj
 0006:0000010c       IopDevObjApplyPostCreationSettings 000000000001910c f   wdmsec:iodevobj.obj
 0006:000001b8       IoDevObjCreateDeviceSecure 00000000000191b8 f   wdmsec:iodevobj.obj
 0006:00000370       PpRegStateLoadSecurityDescriptor 0000000000019370 f   wdmsec:ppregstate.obj
 0006:00000384       PpRegStateFreeStackCreationSettings 0000000000019384 f   wdmsec:ppregstate.obj
 0006:000003a4       PiRegStateOpenClassKey     00000000000193a4 f   wdmsec:ppregstate.obj
 0006:00000540       PpRegStateInitEmptyCreationSettings 0000000000019540 f   wdmsec:ppregstate.obj
 0006:00000558       PiRegStateReadStackCreationSettingsFromKey 0000000000019558 f   wdmsec:ppregstate.obj
 0006:00000724       PpRegStateReadCreateClassCreationSettings 0000000000019724 f   wdmsec:ppregstate.obj
 0006:00000854       PpRegStateUpdateStackCreationSettings 0000000000019854 f   wdmsec:ppregstate.obj
 0006:00000980       SepSddlParseWideStringUlong 0000000000019980 f   wdmsec:sesddl.obj
 0006:00000a60       SepSddlAddAceToAcl         0000000000019a60 f   wdmsec:sesddl.obj
 0006:00000b48       SepSddlLookupAccessMaskInTable 0000000000019b48 f   wdmsec:sesddl.obj
 0006:00000be0       SepSddlGetSidForString     0000000000019be0 f   wdmsec:sesddl.obj
 0006:00000ca4       SepSddlGetAclForString     0000000000019ca4 f   wdmsec:sesddl.obj
 0006:00001064       SepSddlDaclFromSDDLString  000000000001a064 f   wdmsec:sesddl.obj
 0006:0000112c       SepSddlSecurityDescriptorFromSDDLString 000000000001a12c f   wdmsec:sesddl.obj
 0006:0000122c       SeSddlSecurityDescriptorFromSDDL 000000000001a22c f   wdmsec:sesddl.obj
 0006:000012f4       SeSetSecurityAccessMask    000000000001a2f4 f   wdmsec:seutil.obj
 0006:00001320       SeUtilSecurityInfoFromSecurityDescriptor 000000000001a320 f   wdmsec:seutil.obj
 0006:000013f0       CmpRegUtilAllocateUnicodeString 000000000001a3f0 f   wdmsec:cmregutil.obj
 0006:0000143c       CmRegUtilUcValueSetUcString 000000000001a43c f   wdmsec:cmregutil.obj
 0006:0000153c       CmRegUtilUcValueGetDword   000000000001a53c f   wdmsec:cmregutil.obj
 0006:000015b4       CmRegUtilCreateUcKey       000000000001a5b4 f   wdmsec:cmregutil.obj
 0006:00001650       CmRegUtilOpenExistingUcKey 000000000001a650 f   wdmsec:cmregutil.obj
 0006:000016ac       CmRegUtilWstrValueSetWstrString 000000000001a6ac f   wdmsec:cmregutil.obj
 0006:00001704       CmRegUtilWstrValueSetUcString 000000000001a704 f   wdmsec:cmregutil.obj
 0006:00001744       CmRegUtilWstrValueSetFullBuffer 000000000001a744 f   wdmsec:cmregutil.obj
 0006:000017a4       CmRegUtilWstrValueGetDword 000000000001a7a4 f   wdmsec:cmregutil.obj
 0006:000017f4       CmRegUtilCreateWstrKey     000000000001a7f4 f   wdmsec:cmregutil.obj
 0006:0000186c       CmRegUtilOpenExistingWstrKey 000000000001a86c f   wdmsec:cmregutil.obj
 0006:000018bc       CmRegUtilUcValueGetFullBuffer 000000000001a8bc f   wdmsec:cmregutil.obj
 0006:000019f4       CmRegUtilWstrValueGetFullBuffer 000000000001a9f4 f   wdmsec:cmregutil.obj
 0007:00000008       __security_init_cookie     000000000001b008 f   BufferOverflowK:gs_support.obj
 0007:00000064       GsDriverEntry              000000000001b064 f   BufferOverflowK:gs_support.obj
 0007:00000084       __IMPORT_DESCRIPTOR_ntoskrnl 000000000001b084     ntoskrnl:ntoskrnl.exe
 0007:00000098       __NULL_IMPORT_DESCRIPTOR   000000000001b098     ntoskrnl:ntoskrnl.exe

 entry point at        0007:00000064

 Static symbols

